// Jest Snapshot v1, https://goo.gl/fbAQLP

exports[`Characters component renders Characters 1`] = `
<ul
  style={
    Object {
      "display": "flex",
      "flexWrap": "wrap",
    }
  }
>
  <li
    style={
      Object {
        "listStyleType": "none",
        "margin": "5px",
        "width": "25vw",
      }
    }
  >
    <Character
      character={
        Object {
          "id": "2",
          "name": "Bonnie",
          "photoUrl": "./path/to/image",
        }
      }
    />
  </li>
</ul>
`;
